2026-04-08 18:53:54,003 DEBUG cd /workspaces/erpnext-label-modules/frappe-bench && uv venv env --seed --python python3
2026-04-08 18:53:55,652 LOG Getting frappe
2026-04-08 18:53:55,652 DEBUG cd /workspaces/erpnext-label-modules/frappe-bench/apps && git clone https://github.com/frappe/frappe.git --branch version-16 --depth 1 --origin upstream
2026-04-08 18:53:59,541 LOG Installing frappe
2026-04-08 18:53:59,544 DEBUG cd /workspaces/erpnext-label-modules/frappe-bench && uv pip install  --upgrade -e /workspaces/erpnext-label-modules/frappe-bench/apps/frappe  --python /workspaces/erpnext-label-modules/frappe-bench/env/bin/python
2026-04-08 18:54:15,554 DEBUG cd /workspaces/erpnext-label-modules/frappe-bench/apps/frappe && yarn install --check-files --verbose
2026-04-08 18:54:54,777 DEBUG cd /workspaces/erpnext-label-modules/frappe-bench && bench build
2026-04-08 18:54:54,907 INFO /home/frappe/.local/bin/bench build
2026-04-08 18:55:10,709 LOG setting up backups
2026-04-08 18:55:10,732 LOG backups were set up
2026-04-08 18:55:10,732 INFO Bench /workspaces/erpnext-label-modules/frappe-bench initialized
2026-04-08 18:55:11,080 INFO /home/frappe/.local/bin/bench set-config -g db_host 127.0.0.1
2026-04-08 18:55:11,560 INFO /home/frappe/.local/bin/bench set-config -g db_port 3306
2026-04-08 18:55:12,136 INFO /home/frappe/.local/bin/bench set-config -g redis_cache redis://127.0.0.1:6379
2026-04-08 18:55:12,658 INFO /home/frappe/.local/bin/bench set-config -g redis_queue redis://127.0.0.1:6381
2026-04-08 18:55:13,176 INFO /home/frappe/.local/bin/bench set-config -g redis_socketio redis://127.0.0.1:6381
2026-04-08 18:55:13,653 INFO /home/frappe/.local/bin/bench set-config -g developer_mode 1
2026-04-08 18:55:14,121 INFO /home/frappe/.local/bin/bench get-app --branch version-16 erpnext
2026-04-08 18:55:14,525 LOG Getting erpnext
2026-04-08 18:55:14,525 DEBUG cd ./apps && git clone https://github.com/frappe/erpnext.git --branch version-16 --depth 1 --origin upstream
2026-04-08 18:55:20,770 LOG Installing erpnext
2026-04-08 18:55:20,771 DEBUG cd /workspaces/erpnext-label-modules/frappe-bench && uv pip install --quiet --upgrade -e /workspaces/erpnext-label-modules/frappe-bench/apps/erpnext  --python /workspaces/erpnext-label-modules/frappe-bench/env/bin/python
2026-04-08 18:55:23,255 DEBUG cd /workspaces/erpnext-label-modules/frappe-bench/apps/erpnext && yarn install --check-files
2026-04-08 18:55:23,663 DEBUG bench build --app erpnext
2026-04-08 18:55:23,783 INFO /home/frappe/.local/bin/bench build --app erpnext
2026-04-08 18:55:29,133 INFO /home/frappe/.local/bin/bench pip show label_calculator
2026-04-08 18:55:29,254 INFO /home/frappe/.local/bin/bench pip install -e apps/label_calculator
2026-04-08 18:55:29,619 INFO /home/frappe/.local/bin/bench new-site --db-root-username root --db-root-password 123 --admin-password admin --mariadb-user-host-login-scope=% development.localhost
2026-04-08 18:56:05,632 INFO /home/frappe/.local/bin/bench use development.localhost
2026-04-08 18:56:06,415 INFO /home/frappe/.local/bin/bench --site development.localhost install-app erpnext
2026-04-08 18:57:21,661 INFO /home/frappe/.local/bin/bench --site development.localhost install-app label_calculator
2026-04-08 18:57:22,854 INFO /home/frappe/.local/bin/bench build --app frappe
2026-04-08 18:57:36,912 INFO /home/frappe/.local/bin/bench --site development.localhost migrate
2026-04-08 19:04:45,666 INFO /home/frappe/.local/bin/bench start
2026-04-08 19:04:46,134 INFO /home/frappe/.local/bin/bench watch
2026-04-08 19:04:46,174 INFO /home/frappe/.local/bin/bench schedule
2026-04-08 19:04:46,192 INFO /home/frappe/.local/bin/bench serve --port 8000
2026-04-08 19:04:46,212 INFO /home/frappe/.local/bin/bench worker
2026-04-09 08:09:51,148 INFO /home/frappe/.local/bin/bench start
2026-04-09 08:09:51,489 INFO /home/frappe/.local/bin/bench serve --port 8000
2026-04-09 08:09:51,490 INFO /home/frappe/.local/bin/bench watch
2026-04-09 08:09:51,498 INFO /home/frappe/.local/bin/bench schedule
2026-04-09 08:09:51,508 INFO /home/frappe/.local/bin/bench worker
2026-04-09 09:44:52,957 INFO /home/frappe/.local/bin/bench --site development.localhost install-app label_calculator
2026-04-09 09:47:18,420 INFO /home/frappe/.local/bin/bench --site development.localhost install-app label_calculator
2026-04-09 09:51:10,515 INFO /home/frappe/.local/bin/bench --site development.localhost install-app label_calculator
2026-04-09 09:51:39,843 INFO /home/frappe/.local/bin/bench --site development.localhost migrate
2026-04-09 09:54:02,801 INFO /home/frappe/.local/bin/bench --site development.localhost migrate
2026-04-09 09:59:00,638 INFO /home/frappe/.local/bin/bench --site development.localhost migrate
2026-04-09 10:10:21,157 INFO /home/frappe/.local/bin/bench --site development.localhost migrate
